==BEGIN==DUMP==
<Token NL '\n' at 1:1-2:1>
<Token Comment '# some comment' at 2:1-2:15>
<Token NL '\n' at 2:15-3:1>
<Token Identifier 'aa' at 3:1-3:3>
<Token Left_Arrow '<-' at 3:4-3:6>
<Token Identifier 'bb' at 3:7-3:9>
<Token NL '\n' at 3:9-4:1>
<Token NL '\n' at 4:1-5:1>
<Token Termination at 5:1-5:1>
===============
GrammarNode test.peg:1:1-5:1
|definitions:
|  DefinitionNodeList test.peg:1:1-5:1
|  |item_0:
|  |  DefinitionNode test.peg:3:1-5:1
|  |  |id:
|  |  |  Identifier test.peg:3:1-3:3: aa
|  |  |expression:
|  |  |  Expression test.peg:3:7-4:1
|  |  |  |choices:
|  |  |  |  SequenceList test.peg:3:7-4:1
|  |  |  |  |item_0:
|  |  |  |  |  Sequence test.peg:3:7-4:1
|  |  |  |  |  |primaries:
|  |  |  |  |  |  PrimaryNodeList test.peg:3:7-4:1
|  |  |  |  |  |  |item_0:
|  |  |  |  |  |  |  IdentifierReference test.peg:3:7-3:9: bb
====END==DUMP==