==BEGIN==DUMP==
<Token Slash '/' at 1:1-1:2>
<Token Slash '/' at 1:2-1:3>
<Token Slash '/' at 1:3-1:4>
<Token Termination at 1:4-1:4>
===============
Expression test.peg:1:1-1:4
|choices:
|  SequenceList test.peg:1:1-1:4
|  |item_0:
|  |  Sequence test.peg:1:1-1:1
|  |  |primaries:
|  |  |  PrimaryList test.peg:1:1-1:1
|  |item_1:
|  |  Sequence test.peg:1:2-1:2
|  |  |primaries:
|  |  |  PrimaryList test.peg:1:2-1:2
|  |item_2:
|  |  Sequence test.peg:1:3-1:3
|  |  |primaries:
|  |  |  PrimaryList test.peg:1:3-1:3
|  |item_3:
|  |  Sequence test.peg:1:4-1:4
|  |  |primaries:
|  |  |  PrimaryList test.peg:1:4-1:4
====END==DUMP==